 data:
      { code: 'INTERNAL_SERVER_ERROR',
        message: 'The name iot.agile.Device was not provided by any .service files' } } }


data:
      { code: 'INTERNAL_SERVER_ERROR',
        message: 'Error Executing Method iot.agile.Protocol.Connect: Failed to connect device:B0:91:22:F7:3E:80' } } }

 data:
      { code: 'INTERNAL_SERVER_ERROR',
        message: 'No reply within specified time' } } }

data:
      { code: 'INTERNAL_SERVER_ERROR',
        message: 'Error Executing Method iot.agile.Protocol.Connect: Failed to connect device:B0:91:22:F7:3E:80' } } }

{ code: 'INTERNAL_SERVER_ERROR', message: null } }
